{
  "Resources": {
    "myhandlerinlineServiceRole10C681F6": {
      "Type": "AWS::IAM::Role",
      "Properties": {
        "AssumeRolePolicyDocument": {
          "Statement": [
            {
              "Action": "sts:AssumeRole",
              "Effect": "Allow",
              "Principal": {
                "Service": "lambda.amazonaws.com"
              }
            }
          ],
          "Version": "2012-10-17"
        },
        "ManagedPolicyArns": [
          {
            "Fn::Join": [
              "",
              [
                "arn:",
                {
                  "Ref": "AWS::Partition"
                },
                ":iam::aws:policy/service-role/AWSLambdaBasicExecutionRole"
              ]
            ]
          }
        ]
      }
    },
    "myhandlerinline53D120C7": {
      "Type": "AWS::Lambda::Function",
      "Properties": {
        "Code": {
          "S3Bucket": {
            "Ref": "AssetParametersc53ccd226f9ba416959be94c547f5e51fcada61d01e5754f0ef84c28d6184a5cS3BucketB9E1EEA5"
          },
          "S3Key": {
            "Fn::Join": [
              "",
              [
                {
                  "Fn::Select": [
                    0,
                    {
                      "Fn::Split": [
                        "||",
                        {
                          "Ref": "AssetParametersc53ccd226f9ba416959be94c547f5e51fcada61d01e5754f0ef84c28d6184a5cS3VersionKey9D4A5844"
                        }
                      ]
                    }
                  ]
                },
                {
                  "Fn::Select": [
                    1,
                    {
                      "Fn::Split": [
                        "||",
                        {
                          "Ref": "AssetParametersc53ccd226f9ba416959be94c547f5e51fcada61d01e5754f0ef84c28d6184a5cS3VersionKey9D4A5844"
                        }
                      ]
                    }
                  ]
                }
              ]
            ]
          }
        },
        "Role": {
          "Fn::GetAtt": [
            "myhandlerinlineServiceRole10C681F6",
            "Arn"
          ]
        },
        "Handler": "index.handler",
        "Runtime": "python3.6"
      },
      "DependsOn": [
        "myhandlerinlineServiceRole10C681F6"
      ]
    },
    "myhandlerpython38ServiceRole2049AFF7": {
      "Type": "AWS::IAM::Role",
      "Properties": {
        "AssumeRolePolicyDocument": {
          "Statement": [
            {
              "Action": "sts:AssumeRole",
              "Effect": "Allow",
              "Principal": {
                "Service": "lambda.amazonaws.com"
              }
            }
          ],
          "Version": "2012-10-17"
        },
        "ManagedPolicyArns": [
          {
            "Fn::Join": [
              "",
              [
                "arn:",
                {
                  "Ref": "AWS::Partition"
                },
                ":iam::aws:policy/service-role/AWSLambdaBasicExecutionRole"
              ]
            ]
          }
        ]
      }
    },
    "myhandlerpython384D62BBB5": {
      "Type": "AWS::Lambda::Function",
      "Properties": {
        "Code": {
          "S3Bucket": {
            "Ref": "AssetParameterseb1e70e4e35fc9bf2f36944c31260ae48667c0c51e2c0297d496afb75d9b8550S3Bucket762854ED"
          },
          "S3Key": {
            "Fn::Join": [
              "",
              [
                {
                  "Fn::Select": [
                    0,
                    {
                      "Fn::Split": [
                        "||",
                        {
                          "Ref": "AssetParameterseb1e70e4e35fc9bf2f36944c31260ae48667c0c51e2c0297d496afb75d9b8550S3VersionKeyF96ABDB6"
                        }
                      ]
                    }
                  ]
                },
                {
                  "Fn::Select": [
                    1,
                    {
                      "Fn::Split": [
                        "||",
                        {
                          "Ref": "AssetParameterseb1e70e4e35fc9bf2f36944c31260ae48667c0c51e2c0297d496afb75d9b8550S3VersionKeyF96ABDB6"
                        }
                      ]
                    }
                  ]
                }
              ]
            ]
          }
        },
        "Role": {
          "Fn::GetAtt": [
            "myhandlerpython38ServiceRole2049AFF7",
            "Arn"
          ]
        },
        "Handler": "index.handler",
        "Runtime": "python3.8"
      },
      "DependsOn": [
        "myhandlerpython38ServiceRole2049AFF7"
      ]
    }
  },
  "Parameters": {
    "AssetParametersc53ccd226f9ba416959be94c547f5e51fcada61d01e5754f0ef84c28d6184a5cS3BucketB9E1EEA5": {
      "Type": "String",
      "Description": "S3 bucket for asset \"c53ccd226f9ba416959be94c547f5e51fcada61d01e5754f0ef84c28d6184a5c\""
    },
    "AssetParametersc53ccd226f9ba416959be94c547f5e51fcada61d01e5754f0ef84c28d6184a5cS3VersionKey9D4A5844": {
      "Type": "String",
      "Description": "S3 key for asset version \"c53ccd226f9ba416959be94c547f5e51fcada61d01e5754f0ef84c28d6184a5c\""
    },
    "AssetParametersc53ccd226f9ba416959be94c547f5e51fcada61d01e5754f0ef84c28d6184a5cArtifactHash92F68F5B": {
      "Type": "String",
      "Description": "Artifact hash for asset \"c53ccd226f9ba416959be94c547f5e51fcada61d01e5754f0ef84c28d6184a5c\""
    },
    "AssetParameterseb1e70e4e35fc9bf2f36944c31260ae48667c0c51e2c0297d496afb75d9b8550S3Bucket762854ED": {
      "Type": "String",
      "Description": "S3 bucket for asset \"eb1e70e4e35fc9bf2f36944c31260ae48667c0c51e2c0297d496afb75d9b8550\""
    },
    "AssetParameterseb1e70e4e35fc9bf2f36944c31260ae48667c0c51e2c0297d496afb75d9b8550S3VersionKeyF96ABDB6": {
      "Type": "String",
      "Description": "S3 key for asset version \"eb1e70e4e35fc9bf2f36944c31260ae48667c0c51e2c0297d496afb75d9b8550\""
    },
    "AssetParameterseb1e70e4e35fc9bf2f36944c31260ae48667c0c51e2c0297d496afb75d9b8550ArtifactHash7D5D2C97": {
      "Type": "String",
      "Description": "Artifact hash for asset \"eb1e70e4e35fc9bf2f36944c31260ae48667c0c51e2c0297d496afb75d9b8550\""
    }
  },
  "Outputs": {
    "InlineFunctionName": {
      "Value": {
        "Ref": "myhandlerinline53D120C7"
      }
    },
    "Python38FunctionName": {
      "Value": {
        "Ref": "myhandlerpython384D62BBB5"
      }
    }
  }
}