{
  "Resources": {
    "myhandlerServiceRole77891068": {
      "Type": "AWS::IAM::Role",
      "Properties": {
        "AssumeRolePolicyDocument": {
          "Statement": [
            {
              "Action": "sts:AssumeRole",
              "Effect": "Allow",
              "Principal": {
                "Service": "lambda.amazonaws.com"
              }
            }
          ],
          "Version": "2012-10-17"
        },
        "ManagedPolicyArns": [
          {
            "Fn::Join": [
              "",
              [
                "arn:",
                {
                  "Ref": "AWS::Partition"
                },
                ":iam::aws:policy/service-role/AWSLambdaBasicExecutionRole"
              ]
            ]
          }
        ]
      }
    },
    "myhandlerD202FA8E": {
      "Type": "AWS::Lambda::Function",
      "Properties": {
        "Code": {
          "S3Bucket": {
            "Ref": "AssetParameterscc909854ed60435188c7645cc96cb2f6d7f55ca5555afe12f4f0f246659bf4f2S3Bucket5B92257A"
          },
          "S3Key": {
            "Fn::Join": [
              "",
              [
                {
                  "Fn::Select": [
                    0,
                    {
                      "Fn::Split": [
                        "||",
                        {
                          "Ref": "AssetParameterscc909854ed60435188c7645cc96cb2f6d7f55ca5555afe12f4f0f246659bf4f2S3VersionKeyC64C6A3D"
                        }
                      ]
                    }
                  ]
                },
                {
                  "Fn::Select": [
                    1,
                    {
                      "Fn::Split": [
                        "||",
                        {
                          "Ref": "AssetParameterscc909854ed60435188c7645cc96cb2f6d7f55ca5555afe12f4f0f246659bf4f2S3VersionKeyC64C6A3D"
                        }
                      ]
                    }
                  ]
                }
              ]
            ]
          }
        },
        "Role": {
          "Fn::GetAtt": [
            "myhandlerServiceRole77891068",
            "Arn"
          ]
        },
        "Handler": "inner.custom_index.custom_handler",
        "Runtime": "python3.8"
      },
      "DependsOn": [
        "myhandlerServiceRole77891068"
      ]
    }
  },
  "Parameters": {
    "AssetParameterscc909854ed60435188c7645cc96cb2f6d7f55ca5555afe12f4f0f246659bf4f2S3Bucket5B92257A": {
      "Type": "String",
      "Description": "S3 bucket for asset \"cc909854ed60435188c7645cc96cb2f6d7f55ca5555afe12f4f0f246659bf4f2\""
    },
    "AssetParameterscc909854ed60435188c7645cc96cb2f6d7f55ca5555afe12f4f0f246659bf4f2S3VersionKeyC64C6A3D": {
      "Type": "String",
      "Description": "S3 key for asset version \"cc909854ed60435188c7645cc96cb2f6d7f55ca5555afe12f4f0f246659bf4f2\""
    },
    "AssetParameterscc909854ed60435188c7645cc96cb2f6d7f55ca5555afe12f4f0f246659bf4f2ArtifactHashD0BA0A79": {
      "Type": "String",
      "Description": "Artifact hash for asset \"cc909854ed60435188c7645cc96cb2f6d7f55ca5555afe12f4f0f246659bf4f2\""
    }
  },
  "Outputs": {
    "FunctionArn": {
      "Value": {
        "Fn::GetAtt": [
          "myhandlerD202FA8E",
          "Arn"
        ]
      }
    }
  }
}