{
  "Resources": {
    "SharedDACC02AA": {
      "Type": "AWS::Lambda::LayerVersion",
      "Properties": {
        "Content": {
          "S3Bucket": {
            "Ref": "AssetParameters273a82ea6549f1e1796bf0921fce642b6aba4246e7969540af7a2efbb66ec9eeS3BucketAA8A2110"
          },
          "S3Key": {
            "Fn::Join": [
              "",
              [
                {
                  "Fn::Select": [
                    0,
                    {
                      "Fn::Split": [
                        "||",
                        {
                          "Ref": "AssetParameters273a82ea6549f1e1796bf0921fce642b6aba4246e7969540af7a2efbb66ec9eeS3VersionKeyAE83D392"
                        }
                      ]
                    }
                  ]
                },
                {
                  "Fn::Select": [
                    1,
                    {
                      "Fn::Split": [
                        "||",
                        {
                          "Ref": "AssetParameters273a82ea6549f1e1796bf0921fce642b6aba4246e7969540af7a2efbb66ec9eeS3VersionKeyAE83D392"
                        }
                      ]
                    }
                  ]
                }
              ]
            ]
          }
        },
        "CompatibleRuntimes": [
          "python3.6"
        ]
      }
    },
    "myhandlerServiceRole77891068": {
      "Type": "AWS::IAM::Role",
      "Properties": {
        "AssumeRolePolicyDocument": {
          "Statement": [
            {
              "Action": "sts:AssumeRole",
              "Effect": "Allow",
              "Principal": {
                "Service": "lambda.amazonaws.com"
              }
            }
          ],
          "Version": "2012-10-17"
        },
        "ManagedPolicyArns": [
          {
            "Fn::Join": [
              "",
              [
                "arn:",
                {
                  "Ref": "AWS::Partition"
                },
                ":iam::aws:policy/service-role/AWSLambdaBasicExecutionRole"
              ]
            ]
          }
        ]
      }
    },
    "myhandlerD202FA8E": {
      "Type": "AWS::Lambda::Function",
      "Properties": {
        "Code": {
          "S3Bucket": {
            "Ref": "AssetParameters1ee70a4f4bca013295c7dae9083152ed17b9befb3be746117ac5b5717048e974S3BucketF5FF485D"
          },
          "S3Key": {
            "Fn::Join": [
              "",
              [
                {
                  "Fn::Select": [
                    0,
                    {
                      "Fn::Split": [
                        "||",
                        {
                          "Ref": "AssetParameters1ee70a4f4bca013295c7dae9083152ed17b9befb3be746117ac5b5717048e974S3VersionKey78A6CC5F"
                        }
                      ]
                    }
                  ]
                },
                {
                  "Fn::Select": [
                    1,
                    {
                      "Fn::Split": [
                        "||",
                        {
                          "Ref": "AssetParameters1ee70a4f4bca013295c7dae9083152ed17b9befb3be746117ac5b5717048e974S3VersionKey78A6CC5F"
                        }
                      ]
                    }
                  ]
                }
              ]
            ]
          }
        },
        "Role": {
          "Fn::GetAtt": [
            "myhandlerServiceRole77891068",
            "Arn"
          ]
        },
        "Handler": "index.handler",
        "Layers": [
          {
            "Ref": "SharedDACC02AA"
          }
        ],
        "Runtime": "python3.6"
      },
      "DependsOn": [
        "myhandlerServiceRole77891068"
      ]
    }
  },
  "Parameters": {
    "AssetParameters273a82ea6549f1e1796bf0921fce642b6aba4246e7969540af7a2efbb66ec9eeS3BucketAA8A2110": {
      "Type": "String",
      "Description": "S3 bucket for asset \"273a82ea6549f1e1796bf0921fce642b6aba4246e7969540af7a2efbb66ec9ee\""
    },
    "AssetParameters273a82ea6549f1e1796bf0921fce642b6aba4246e7969540af7a2efbb66ec9eeS3VersionKeyAE83D392": {
      "Type": "String",
      "Description": "S3 key for asset version \"273a82ea6549f1e1796bf0921fce642b6aba4246e7969540af7a2efbb66ec9ee\""
    },
    "AssetParameters273a82ea6549f1e1796bf0921fce642b6aba4246e7969540af7a2efbb66ec9eeArtifactHash6B55FA4A": {
      "Type": "String",
      "Description": "Artifact hash for asset \"273a82ea6549f1e1796bf0921fce642b6aba4246e7969540af7a2efbb66ec9ee\""
    },
    "AssetParameters1ee70a4f4bca013295c7dae9083152ed17b9befb3be746117ac5b5717048e974S3BucketF5FF485D": {
      "Type": "String",
      "Description": "S3 bucket for asset \"1ee70a4f4bca013295c7dae9083152ed17b9befb3be746117ac5b5717048e974\""
    },
    "AssetParameters1ee70a4f4bca013295c7dae9083152ed17b9befb3be746117ac5b5717048e974S3VersionKey78A6CC5F": {
      "Type": "String",
      "Description": "S3 key for asset version \"1ee70a4f4bca013295c7dae9083152ed17b9befb3be746117ac5b5717048e974\""
    },
    "AssetParameters1ee70a4f4bca013295c7dae9083152ed17b9befb3be746117ac5b5717048e974ArtifactHash620A83FE": {
      "Type": "String",
      "Description": "Artifact hash for asset \"1ee70a4f4bca013295c7dae9083152ed17b9befb3be746117ac5b5717048e974\""
    }
  },
  "Outputs": {
    "FunctionArn": {
      "Value": {
        "Fn::GetAtt": [
          "myhandlerD202FA8E",
          "Arn"
        ]
      }
    }
  }
}