{
  "Resources": {
    "myhandlerinlineServiceRole10C681F6": {
      "Type": "AWS::IAM::Role",
      "Properties": {
        "AssumeRolePolicyDocument": {
          "Statement": [
            {
              "Action": "sts:AssumeRole",
              "Effect": "Allow",
              "Principal": {
                "Service": "lambda.amazonaws.com"
              }
            }
          ],
          "Version": "2012-10-17"
        },
        "ManagedPolicyArns": [
          {
            "Fn::Join": [
              "",
              [
                "arn:",
                {
                  "Ref": "AWS::Partition"
                },
                ":iam::aws:policy/service-role/AWSLambdaBasicExecutionRole"
              ]
            ]
          }
        ]
      }
    },
    "myhandlerinline53D120C7": {
      "Type": "AWS::Lambda::Function",
      "Properties": {
        "Code": {
          "S3Bucket": {
            "Ref": "AssetParametersabaae675b26bba7e75bb9b4a2be87ca033ac994812fbde5200686a5278e55950S3BucketFBC13C3C"
          },
          "S3Key": {
            "Fn::Join": [
              "",
              [
                {
                  "Fn::Select": [
                    0,
                    {
                      "Fn::Split": [
                        "||",
                        {
                          "Ref": "AssetParametersabaae675b26bba7e75bb9b4a2be87ca033ac994812fbde5200686a5278e55950S3VersionKeyC45472D1"
                        }
                      ]
                    }
                  ]
                },
                {
                  "Fn::Select": [
                    1,
                    {
                      "Fn::Split": [
                        "||",
                        {
                          "Ref": "AssetParametersabaae675b26bba7e75bb9b4a2be87ca033ac994812fbde5200686a5278e55950S3VersionKeyC45472D1"
                        }
                      ]
                    }
                  ]
                }
              ]
            ]
          }
        },
        "Role": {
          "Fn::GetAtt": [
            "myhandlerinlineServiceRole10C681F6",
            "Arn"
          ]
        },
        "Handler": "index.handler",
        "Runtime": "python3.6"
      },
      "DependsOn": [
        "myhandlerinlineServiceRole10C681F6"
      ]
    },
    "myhandlerpython38ServiceRole2049AFF7": {
      "Type": "AWS::IAM::Role",
      "Properties": {
        "AssumeRolePolicyDocument": {
          "Statement": [
            {
              "Action": "sts:AssumeRole",
              "Effect": "Allow",
              "Principal": {
                "Service": "lambda.amazonaws.com"
              }
            }
          ],
          "Version": "2012-10-17"
        },
        "ManagedPolicyArns": [
          {
            "Fn::Join": [
              "",
              [
                "arn:",
                {
                  "Ref": "AWS::Partition"
                },
                ":iam::aws:policy/service-role/AWSLambdaBasicExecutionRole"
              ]
            ]
          }
        ]
      }
    },
    "myhandlerpython384D62BBB5": {
      "Type": "AWS::Lambda::Function",
      "Properties": {
        "Code": {
          "S3Bucket": {
            "Ref": "AssetParametersac6f8144e7256a0ccbfbe46d19a6c05d83ca0ae061f00807ca00b10d279513f4S3Bucket480D0FE7"
          },
          "S3Key": {
            "Fn::Join": [
              "",
              [
                {
                  "Fn::Select": [
                    0,
                    {
                      "Fn::Split": [
                        "||",
                        {
                          "Ref": "AssetParametersac6f8144e7256a0ccbfbe46d19a6c05d83ca0ae061f00807ca00b10d279513f4S3VersionKey5EF7B3F6"
                        }
                      ]
                    }
                  ]
                },
                {
                  "Fn::Select": [
                    1,
                    {
                      "Fn::Split": [
                        "||",
                        {
                          "Ref": "AssetParametersac6f8144e7256a0ccbfbe46d19a6c05d83ca0ae061f00807ca00b10d279513f4S3VersionKey5EF7B3F6"
                        }
                      ]
                    }
                  ]
                }
              ]
            ]
          }
        },
        "Role": {
          "Fn::GetAtt": [
            "myhandlerpython38ServiceRole2049AFF7",
            "Arn"
          ]
        },
        "Handler": "index.handler",
        "Runtime": "python3.8"
      },
      "DependsOn": [
        "myhandlerpython38ServiceRole2049AFF7"
      ]
    }
  },
  "Parameters": {
    "AssetParametersabaae675b26bba7e75bb9b4a2be87ca033ac994812fbde5200686a5278e55950S3BucketFBC13C3C": {
      "Type": "String",
      "Description": "S3 bucket for asset \"abaae675b26bba7e75bb9b4a2be87ca033ac994812fbde5200686a5278e55950\""
    },
    "AssetParametersabaae675b26bba7e75bb9b4a2be87ca033ac994812fbde5200686a5278e55950S3VersionKeyC45472D1": {
      "Type": "String",
      "Description": "S3 key for asset version \"abaae675b26bba7e75bb9b4a2be87ca033ac994812fbde5200686a5278e55950\""
    },
    "AssetParametersabaae675b26bba7e75bb9b4a2be87ca033ac994812fbde5200686a5278e55950ArtifactHash5C98743E": {
      "Type": "String",
      "Description": "Artifact hash for asset \"abaae675b26bba7e75bb9b4a2be87ca033ac994812fbde5200686a5278e55950\""
    },
    "AssetParametersac6f8144e7256a0ccbfbe46d19a6c05d83ca0ae061f00807ca00b10d279513f4S3Bucket480D0FE7": {
      "Type": "String",
      "Description": "S3 bucket for asset \"ac6f8144e7256a0ccbfbe46d19a6c05d83ca0ae061f00807ca00b10d279513f4\""
    },
    "AssetParametersac6f8144e7256a0ccbfbe46d19a6c05d83ca0ae061f00807ca00b10d279513f4S3VersionKey5EF7B3F6": {
      "Type": "String",
      "Description": "S3 key for asset version \"ac6f8144e7256a0ccbfbe46d19a6c05d83ca0ae061f00807ca00b10d279513f4\""
    },
    "AssetParametersac6f8144e7256a0ccbfbe46d19a6c05d83ca0ae061f00807ca00b10d279513f4ArtifactHash536D3F83": {
      "Type": "String",
      "Description": "Artifact hash for asset \"ac6f8144e7256a0ccbfbe46d19a6c05d83ca0ae061f00807ca00b10d279513f4\""
    }
  },
  "Outputs": {
    "InlineFunctionName": {
      "Value": {
        "Ref": "myhandlerinline53D120C7"
      }
    },
    "Python38FunctionName": {
      "Value": {
        "Ref": "myhandlerpython384D62BBB5"
      }
    }
  }
}