{
  "Resources": {
    "myhandlerServiceRole77891068": {
      "Type": "AWS::IAM::Role",
      "Properties": {
        "AssumeRolePolicyDocument": {
          "Statement": [
            {
              "Action": "sts:AssumeRole",
              "Effect": "Allow",
              "Principal": {
                "Service": "lambda.amazonaws.com"
              }
            }
          ],
          "Version": "2012-10-17"
        },
        "ManagedPolicyArns": [
          {
            "Fn::Join": [
              "",
              [
                "arn:",
                {
                  "Ref": "AWS::Partition"
                },
                ":iam::aws:policy/service-role/AWSLambdaBasicExecutionRole"
              ]
            ]
          }
        ]
      }
    },
    "myhandlerD202FA8E": {
      "Type": "AWS::Lambda::Function",
      "Properties": {
        "Code": {
          "S3Bucket": {
            "Ref": "AssetParameterse73cf2cae6e586178156083d666e10ae0997b68b07d313c34c3a90c95e5a615aS3BucketC285B029"
          },
          "S3Key": {
            "Fn::Join": [
              "",
              [
                {
                  "Fn::Select": [
                    0,
                    {
                      "Fn::Split": [
                        "||",
                        {
                          "Ref": "AssetParameterse73cf2cae6e586178156083d666e10ae0997b68b07d313c34c3a90c95e5a615aS3VersionKeyEA8B09B1"
                        }
                      ]
                    }
                  ]
                },
                {
                  "Fn::Select": [
                    1,
                    {
                      "Fn::Split": [
                        "||",
                        {
                          "Ref": "AssetParameterse73cf2cae6e586178156083d666e10ae0997b68b07d313c34c3a90c95e5a615aS3VersionKeyEA8B09B1"
                        }
                      ]
                    }
                  ]
                }
              ]
            ]
          }
        },
        "Role": {
          "Fn::GetAtt": [
            "myhandlerServiceRole77891068",
            "Arn"
          ]
        },
        "Handler": "index.handler",
        "Runtime": "python3.8"
      },
      "DependsOn": [
        "myhandlerServiceRole77891068"
      ]
    }
  },
  "Parameters": {
    "AssetParameterse73cf2cae6e586178156083d666e10ae0997b68b07d313c34c3a90c95e5a615aS3BucketC285B029": {
      "Type": "String",
      "Description": "S3 bucket for asset \"e73cf2cae6e586178156083d666e10ae0997b68b07d313c34c3a90c95e5a615a\""
    },
    "AssetParameterse73cf2cae6e586178156083d666e10ae0997b68b07d313c34c3a90c95e5a615aS3VersionKeyEA8B09B1": {
      "Type": "String",
      "Description": "S3 key for asset version \"e73cf2cae6e586178156083d666e10ae0997b68b07d313c34c3a90c95e5a615a\""
    },
    "AssetParameterse73cf2cae6e586178156083d666e10ae0997b68b07d313c34c3a90c95e5a615aArtifactHash568B3FBC": {
      "Type": "String",
      "Description": "Artifact hash for asset \"e73cf2cae6e586178156083d666e10ae0997b68b07d313c34c3a90c95e5a615a\""
    }
  },
  "Outputs": {
    "FunctionArn": {
      "Value": {
        "Fn::GetAtt": [
          "myhandlerD202FA8E",
          "Arn"
        ]
      }
    }
  }
}