{
  "Parameters": {
    "AssetParameters8c89eadc6be22019c81ed6b9c7d9929ae10de55679fd8e0e9fd4c00f8edc1cdaS3Bucket83484C89": {
      "Type": "String",
      "Description": "S3 bucket for asset \"8c89eadc6be22019c81ed6b9c7d9929ae10de55679fd8e0e9fd4c00f8edc1cda\""
    },
    "AssetParameters8c89eadc6be22019c81ed6b9c7d9929ae10de55679fd8e0e9fd4c00f8edc1cdaS3VersionKey70C0B407": {
      "Type": "String",
      "Description": "S3 key for asset version \"8c89eadc6be22019c81ed6b9c7d9929ae10de55679fd8e0e9fd4c00f8edc1cda\""
    },
    "AssetParameters8c89eadc6be22019c81ed6b9c7d9929ae10de55679fd8e0e9fd4c00f8edc1cdaArtifactHash3A9285DE": {
      "Type": "String",
      "Description": "Artifact hash for asset \"8c89eadc6be22019c81ed6b9c7d9929ae10de55679fd8e0e9fd4c00f8edc1cda\""
    },
    "AssetParametersf4c3be09f3fcdd17ab851339f091bc78984d15e3f83e6883a31e2e034ad4cce6S3Bucket3E112CA5": {
      "Type": "String",
      "Description": "S3 bucket for asset \"f4c3be09f3fcdd17ab851339f091bc78984d15e3f83e6883a31e2e034ad4cce6\""
    },
    "AssetParametersf4c3be09f3fcdd17ab851339f091bc78984d15e3f83e6883a31e2e034ad4cce6S3VersionKeyE9CF14C0": {
      "Type": "String",
      "Description": "S3 key for asset version \"f4c3be09f3fcdd17ab851339f091bc78984d15e3f83e6883a31e2e034ad4cce6\""
    },
    "AssetParametersf4c3be09f3fcdd17ab851339f091bc78984d15e3f83e6883a31e2e034ad4cce6ArtifactHash3B9A157C": {
      "Type": "String",
      "Description": "Artifact hash for asset \"f4c3be09f3fcdd17ab851339f091bc78984d15e3f83e6883a31e2e034ad4cce6\""
    },
    "AssetParameters733a1180c316ce99003dfcfd7bd70d8039134b3fbac69643f144aceea90d6b8cS3BucketBA45D90E": {
      "Type": "String",
      "Description": "S3 bucket for asset \"733a1180c316ce99003dfcfd7bd70d8039134b3fbac69643f144aceea90d6b8c\""
    },
    "AssetParameters733a1180c316ce99003dfcfd7bd70d8039134b3fbac69643f144aceea90d6b8cS3VersionKey1021C50F": {
      "Type": "String",
      "Description": "S3 key for asset version \"733a1180c316ce99003dfcfd7bd70d8039134b3fbac69643f144aceea90d6b8c\""
    },
    "AssetParameters733a1180c316ce99003dfcfd7bd70d8039134b3fbac69643f144aceea90d6b8cArtifactHash371618FE": {
      "Type": "String",
      "Description": "Artifact hash for asset \"733a1180c316ce99003dfcfd7bd70d8039134b3fbac69643f144aceea90d6b8c\""
    },
    "AssetParameterscde8341afbd9d87d7f6e94b61c0ebfc184e67da39abef9545d45ed3a2d03879eS3Bucket00E4CBE5": {
      "Type": "String",
      "Description": "S3 bucket for asset \"cde8341afbd9d87d7f6e94b61c0ebfc184e67da39abef9545d45ed3a2d03879e\""
    },
    "AssetParameterscde8341afbd9d87d7f6e94b61c0ebfc184e67da39abef9545d45ed3a2d03879eS3VersionKeyA99E4568": {
      "Type": "String",
      "Description": "S3 key for asset version \"cde8341afbd9d87d7f6e94b61c0ebfc184e67da39abef9545d45ed3a2d03879e\""
    },
    "AssetParameterscde8341afbd9d87d7f6e94b61c0ebfc184e67da39abef9545d45ed3a2d03879eArtifactHashBF7E958C": {
      "Type": "String",
      "Description": "Artifact hash for asset \"cde8341afbd9d87d7f6e94b61c0ebfc184e67da39abef9545d45ed3a2d03879e\""
    }
  },
  "Resources": {
    "AppRole1AF9B530": {
      "Type": "AWS::IAM::Role",
      "Properties": {
        "AssumeRolePolicyDocument": {
          "Statement": [
            {
              "Action": "sts:AssumeRole",
              "Effect": "Allow",
              "Principal": {
                "Service": "amplify.amazonaws.com"
              }
            }
          ],
          "Version": "2012-10-17"
        }
      }
    },
    "AppF1B96344": {
      "Type": "AWS::Amplify::App",
      "Properties": {
        "Name": "App",
        "BasicAuthConfig": {
          "EnableBasicAuth": false
        },
        "IAMServiceRole": {
          "Fn::GetAtt": [
            "AppRole1AF9B530",
            "Arn"
          ]
        }
      }
    },
    "AppmainF505BAED": {
      "Type": "AWS::Amplify::Branch",
      "Properties": {
        "AppId": {
          "Fn::GetAtt": [
            "AppF1B96344",
            "AppId"
          ]
        },
        "BranchName": "main",
        "EnableAutoBuild": true,
        "EnablePullRequestPreview": true
      }
    },
    "AppmainDeploymentResource442DE93D": {
      "Type": "Custom::AmplifyAssetDeployment",
      "Properties": {
        "ServiceToken": {
          "Fn::GetAtt": [
            "comamazonawscdkcustomresourcesamplifyassetdeploymentproviderNestedStackcomamazonawscdkcustomresourcesamplifyassetdeploymentproviderNestedStackResource89BDFEB2",
            "Outputs.cdkamplifyappassetdeploymentcomamazonawscdkcustomresourcesamplifyassetdeploymentprovideramplifyassetdeploymenthandlerproviderframeworkonEventC3C43E44Arn"
          ]
        },
        "AppId": {
          "Fn::GetAtt": [
            "AppF1B96344",
            "AppId"
          ]
        },
        "BranchName": "main",
        "S3ObjectKey": {
          "Fn::Join": [
            "",
            [
              {
                "Fn::Select": [
                  0,
                  {
                    "Fn::Split": [
                      "||",
                      {
                        "Ref": "AssetParameters8c89eadc6be22019c81ed6b9c7d9929ae10de55679fd8e0e9fd4c00f8edc1cdaS3VersionKey70C0B407"
                      }
                    ]
                  }
                ]
              },
              {
                "Fn::Select": [
                  1,
                  {
                    "Fn::Split": [
                      "||",
                      {
                        "Ref": "AssetParameters8c89eadc6be22019c81ed6b9c7d9929ae10de55679fd8e0e9fd4c00f8edc1cdaS3VersionKey70C0B407"
                      }
                    ]
                  }
                ]
              }
            ]
          ]
        },
        "S3BucketName": {
          "Ref": "AssetParameters8c89eadc6be22019c81ed6b9c7d9929ae10de55679fd8e0e9fd4c00f8edc1cdaS3Bucket83484C89"
        }
      },
      "UpdateReplacePolicy": "Delete",
      "DeletionPolicy": "Delete"
    },
    "comamazonawscdkcustomresourcesamplifyassetdeploymentproviderNestedStackcomamazonawscdkcustomresourcesamplifyassetdeploymentproviderNestedStackResource89BDFEB2": {
      "Type": "AWS::CloudFormation::Stack",
      "Properties": {
        "TemplateURL": {
          "Fn::Join": [
            "",
            [
              "https://s3.",
              {
                "Ref": "AWS::Region"
              },
              ".",
              {
                "Ref": "AWS::URLSuffix"
              },
              "/",
              {
                "Ref": "AssetParameterscde8341afbd9d87d7f6e94b61c0ebfc184e67da39abef9545d45ed3a2d03879eS3Bucket00E4CBE5"
              },
              "/",
              {
                "Fn::Select": [
                  0,
                  {
                    "Fn::Split": [
                      "||",
                      {
                        "Ref": "AssetParameterscde8341afbd9d87d7f6e94b61c0ebfc184e67da39abef9545d45ed3a2d03879eS3VersionKeyA99E4568"
                      }
                    ]
                  }
                ]
              },
              {
                "Fn::Select": [
                  1,
                  {
                    "Fn::Split": [
                      "||",
                      {
                        "Ref": "AssetParameterscde8341afbd9d87d7f6e94b61c0ebfc184e67da39abef9545d45ed3a2d03879eS3VersionKeyA99E4568"
                      }
                    ]
                  }
                ]
              }
            ]
          ]
        },
        "Parameters": {
          "referencetocdkamplifyappassetdeploymentAssetParametersf4c3be09f3fcdd17ab851339f091bc78984d15e3f83e6883a31e2e034ad4cce6S3Bucket3462E0F4Ref": {
            "Ref": "AssetParametersf4c3be09f3fcdd17ab851339f091bc78984d15e3f83e6883a31e2e034ad4cce6S3Bucket3E112CA5"
          },
          "referencetocdkamplifyappassetdeploymentAssetParametersf4c3be09f3fcdd17ab851339f091bc78984d15e3f83e6883a31e2e034ad4cce6S3VersionKey4934CDF2Ref": {
            "Ref": "AssetParametersf4c3be09f3fcdd17ab851339f091bc78984d15e3f83e6883a31e2e034ad4cce6S3VersionKeyE9CF14C0"
          },
          "referencetocdkamplifyappassetdeploymentAssetParameters733a1180c316ce99003dfcfd7bd70d8039134b3fbac69643f144aceea90d6b8cS3BucketD1779BF4Ref": {
            "Ref": "AssetParameters733a1180c316ce99003dfcfd7bd70d8039134b3fbac69643f144aceea90d6b8cS3BucketBA45D90E"
          },
          "referencetocdkamplifyappassetdeploymentAssetParameters733a1180c316ce99003dfcfd7bd70d8039134b3fbac69643f144aceea90d6b8cS3VersionKeyE529089ERef": {
            "Ref": "AssetParameters733a1180c316ce99003dfcfd7bd70d8039134b3fbac69643f144aceea90d6b8cS3VersionKey1021C50F"
          }
        }
      },
      "UpdateReplacePolicy": "Delete",
      "DeletionPolicy": "Delete"
    }
  }
}