{
  "Resources": {
    "TableCD117FA1": {
      "Type": "AWS::DynamoDB::Table",
      "Properties": {
        "KeySchema": [
          {
            "AttributeName": "hashKey",
            "KeyType": "HASH"
          }
        ],
        "AttributeDefinitions": [
          {
            "AttributeName": "hashKey",
            "AttributeType": "S"
          }
        ],
        "ProvisionedThroughput": {
          "ReadCapacityUnits": 5,
          "WriteCapacityUnits": 5
        },
        "StreamSpecification": {
          "StreamViewType": "NEW_AND_OLD_IMAGES"
        }
      },
      "UpdateReplacePolicy": "Delete",
      "DeletionPolicy": "Delete"
    },
    "TableSourceTableAttachedManagedPolicyawscdkdynamodbglobalreplicasprovisionedawscdkawsdynamodbReplicaProviderOnEventHandlerServiceRoleD9856B771F8F2CCB": {
      "Type": "AWS::IAM::ManagedPolicy",
      "Properties": {
        "PolicyDocument": {
          "Statement": [
            {
              "Action": "dynamodb:*",
              "Effect": "Allow",
              "Resource": [
                {
                  "Fn::GetAtt": [
                    "TableCD117FA1",
                    "Arn"
                  ]
                },
                {
                  "Fn::Join": [
                    "",
                    [
                      "arn:",
                      {
                        "Ref": "AWS::Partition"
                      },
                      ":dynamodb:eu-west-3:",
                      {
                        "Ref": "AWS::AccountId"
                      },
                      ":table/",
                      {
                        "Ref": "TableCD117FA1"
                      }
                    ]
                  ]
                },
                {
                  "Fn::Join": [
                    "",
                    [
                      "arn:",
                      {
                        "Ref": "AWS::Partition"
                      },
                      ":dynamodb:us-east-2:",
                      {
                        "Ref": "AWS::AccountId"
                      },
                      ":table/",
                      {
                        "Ref": "TableCD117FA1"
                      }
                    ]
                  ]
                },
                {
                  "Ref": "AWS::NoValue"
                }
              ]
            }
          ],
          "Version": "2012-10-17"
        },
        "Description": {
          "Fn::Join": [
            "",
            [
              "DynamoDB replication managed policy for table ",
              {
                "Ref": "TableCD117FA1"
              }
            ]
          ]
        },
        "Path": "/",
        "Roles": [
          {
            "Fn::GetAtt": [
              "awscdkawsdynamodbReplicaProviderNestedStackawscdkawsdynamodbReplicaProviderNestedStackResource18E3F12D",
              "Outputs.awscdkdynamodbglobalreplicasprovisionedawscdkawsdynamodbReplicaProviderOnEventHandlerServiceRole348A0C9ARef"
            ]
          }
        ]
      }
    },
    "TableSourceTableAttachedManagedPolicyawscdkdynamodbglobalreplicasprovisionedawscdkawsdynamodbReplicaProviderIsCompleteHandlerServiceRoleBE2B1C1A5DC546D2": {
      "Type": "AWS::IAM::ManagedPolicy",
      "Properties": {
        "PolicyDocument": {
          "Statement": [
            {
              "Action": "dynamodb:DescribeTable",
              "Effect": "Allow",
              "Resource": [
                {
                  "Fn::GetAtt": [
                    "TableCD117FA1",
                    "Arn"
                  ]
                },
                {
                  "Ref": "AWS::NoValue"
                }
              ]
            }
          ],
          "Version": "2012-10-17"
        },
        "Description": {
          "Fn::Join": [
            "",
            [
              "DynamoDB replication managed policy for table ",
              {
                "Ref": "TableCD117FA1"
              }
            ]
          ]
        },
        "Path": "/",
        "Roles": [
          {
            "Fn::GetAtt": [
              "awscdkawsdynamodbReplicaProviderNestedStackawscdkawsdynamodbReplicaProviderNestedStackResource18E3F12D",
              "Outputs.awscdkdynamodbglobalreplicasprovisionedawscdkawsdynamodbReplicaProviderIsCompleteHandlerServiceRole750F1EE9Ref"
            ]
          }
        ]
      }
    },
    "TableReplicauseast28A15C236": {
      "Type": "Custom::DynamoDBReplica",
      "Properties": {
        "ServiceToken": {
          "Fn::GetAtt": [
            "awscdkawsdynamodbReplicaProviderNestedStackawscdkawsdynamodbReplicaProviderNestedStackResource18E3F12D",
            "Outputs.awscdkdynamodbglobalreplicasprovisionedawscdkawsdynamodbReplicaProviderframeworkonEventACC2C387Arn"
          ]
        },
        "TableName": {
          "Ref": "TableCD117FA1"
        },
        "Region": "us-east-2"
      },
      "DependsOn": [
        "TableSourceTableAttachedManagedPolicyawscdkdynamodbglobalreplicasprovisionedawscdkawsdynamodbReplicaProviderIsCompleteHandlerServiceRoleBE2B1C1A5DC546D2",
        "TableSourceTableAttachedManagedPolicyawscdkdynamodbglobalreplicasprovisionedawscdkawsdynamodbReplicaProviderOnEventHandlerServiceRoleD9856B771F8F2CCB",
        "TableWriteScalingTargetE5669214",
        "TableWriteScalingTargetTrackingD78DCCD8"
      ],
      "UpdateReplacePolicy": "Delete",
      "DeletionPolicy": "Delete",
      "Condition": "TableStackRegionNotEqualsuseast2D20A1E77"
    },
    "TableReplicaeuwest314C3E552": {
      "Type": "Custom::DynamoDBReplica",
      "Properties": {
        "ServiceToken": {
          "Fn::GetAtt": [
            "awscdkawsdynamodbReplicaProviderNestedStackawscdkawsdynamodbReplicaProviderNestedStackResource18E3F12D",
            "Outputs.awscdkdynamodbglobalreplicasprovisionedawscdkawsdynamodbReplicaProviderframeworkonEventACC2C387Arn"
          ]
        },
        "TableName": {
          "Ref": "TableCD117FA1"
        },
        "Region": "eu-west-3"
      },
      "DependsOn": [
        "TableSourceTableAttachedManagedPolicyawscdkdynamodbglobalreplicasprovisionedawscdkawsdynamodbReplicaProviderIsCompleteHandlerServiceRoleBE2B1C1A5DC546D2",
        "TableSourceTableAttachedManagedPolicyawscdkdynamodbglobalreplicasprovisionedawscdkawsdynamodbReplicaProviderOnEventHandlerServiceRoleD9856B771F8F2CCB",
        "TableWriteScalingTargetE5669214",
        "TableWriteScalingTargetTrackingD78DCCD8"
      ],
      "UpdateReplacePolicy": "Delete",
      "DeletionPolicy": "Delete",
      "Metadata": {
        "DynamoDbReplicationDependency": {
          "Fn::If": [
            "TableStackRegionNotEqualsuseast2D20A1E77",
            {
              "Ref": "TableReplicauseast28A15C236"
            },
            {
              "Ref": "AWS::NoValue"
            }
          ]
        }
      },
      "Condition": "TableStackRegionNotEqualseuwest302B3591C"
    },
    "TableWriteScalingTargetE5669214": {
      "Type": "AWS::ApplicationAutoScaling::ScalableTarget",
      "Properties": {
        "MaxCapacity": 10,
        "MinCapacity": 5,
        "ResourceId": {
          "Fn::Join": [
            "",
            [
              "table/",
              {
                "Ref": "TableCD117FA1"
              }
            ]
          ]
        },
        "RoleARN": {
          "Fn::Join": [
            "",
            [
              "arn:",
              {
                "Ref": "AWS::Partition"
              },
              ":iam::",
              {
                "Ref": "AWS::AccountId"
              },
              ":role/aws-service-role/dynamodb.application-autoscaling.amazonaws.com/AWSServiceRoleForApplicationAutoScaling_DynamoDBTable"
            ]
          ]
        },
        "ScalableDimension": "dynamodb:table:WriteCapacityUnits",
        "ServiceNamespace": "dynamodb"
      }
    },
    "TableWriteScalingTargetTrackingD78DCCD8": {
      "Type": "AWS::ApplicationAutoScaling::ScalingPolicy",
      "Properties": {
        "PolicyName": "awscdkdynamodbglobalreplicasprovisionedTableWriteScalingTargetTrackingD631E2EC",
        "PolicyType": "TargetTrackingScaling",
        "ScalingTargetId": {
          "Ref": "TableWriteScalingTargetE5669214"
        },
        "TargetTrackingScalingPolicyConfiguration": {
          "PredefinedMetricSpecification": {
            "PredefinedMetricType": "DynamoDBWriteCapacityUtilization"
          },
          "TargetValue": 75
        }
      }
    },
    "awscdkawsdynamodbReplicaProviderNestedStackawscdkawsdynamodbReplicaProviderNestedStackResource18E3F12D": {
      "Type": "AWS::CloudFormation::Stack",
      "Properties": {
        "TemplateURL": {
          "Fn::Join": [
            "",
            [
              "https://s3.",
              {
                "Ref": "AWS::Region"
              },
              ".",
              {
                "Ref": "AWS::URLSuffix"
              },
              "/",
              {
                "Ref": "AssetParameterscf1b33b830764c1ecfd075c085324270fb18cc81abf81d5653abb21b9de5524cS3Bucket26E5A3B0"
              },
              "/",
              {
                "Fn::Select": [
                  0,
                  {
                    "Fn::Split": [
                      "||",
                      {
                        "Ref": "AssetParameterscf1b33b830764c1ecfd075c085324270fb18cc81abf81d5653abb21b9de5524cS3VersionKey2FD22A15"
                      }
                    ]
                  }
                ]
              },
              {
                "Fn::Select": [
                  1,
                  {
                    "Fn::Split": [
                      "||",
                      {
                        "Ref": "AssetParameterscf1b33b830764c1ecfd075c085324270fb18cc81abf81d5653abb21b9de5524cS3VersionKey2FD22A15"
                      }
                    ]
                  }
                ]
              }
            ]
          ]
        },
        "Parameters": {
          "referencetoawscdkdynamodbglobalreplicasprovisionedAssetParameters5d88959fad6bed204d22b24bf15826b8c7591c586a60a313e54f1948d9cdf80fS3Bucket5157987FRef": {
            "Ref": "AssetParameters5d88959fad6bed204d22b24bf15826b8c7591c586a60a313e54f1948d9cdf80fS3Bucket1685F95F"
          },
          "referencetoawscdkdynamodbglobalreplicasprovisionedAssetParameters5d88959fad6bed204d22b24bf15826b8c7591c586a60a313e54f1948d9cdf80fS3VersionKey001ABDFDRef": {
            "Ref": "AssetParameters5d88959fad6bed204d22b24bf15826b8c7591c586a60a313e54f1948d9cdf80fS3VersionKey11815B6C"
          },
          "referencetoawscdkdynamodbglobalreplicasprovisionedAssetParametersb52e342969e05acfb4d852a41c8384d0ce054b2072fc68944e8b07f5012a9a6fS3BucketA0D898ACRef": {
            "Ref": "AssetParametersb52e342969e05acfb4d852a41c8384d0ce054b2072fc68944e8b07f5012a9a6fS3Bucket992EFD1F"
          },
          "referencetoawscdkdynamodbglobalreplicasprovisionedAssetParametersb52e342969e05acfb4d852a41c8384d0ce054b2072fc68944e8b07f5012a9a6fS3VersionKeyED9ED4D7Ref": {
            "Ref": "AssetParametersb52e342969e05acfb4d852a41c8384d0ce054b2072fc68944e8b07f5012a9a6fS3VersionKey8252F880"
          }
        }
      },
      "UpdateReplacePolicy": "Delete",
      "DeletionPolicy": "Delete"
    }
  },
  "Conditions": {
    "TableStackRegionNotEqualsuseast2D20A1E77": {
      "Fn::Not": [
        {
          "Fn::Equals": [
            "us-east-2",
            {
              "Ref": "AWS::Region"
            }
          ]
        }
      ]
    },
    "TableStackRegionNotEqualseuwest302B3591C": {
      "Fn::Not": [
        {
          "Fn::Equals": [
            "eu-west-3",
            {
              "Ref": "AWS::Region"
            }
          ]
        }
      ]
    }
  },
  "Parameters": {
    "AssetParameters5d88959fad6bed204d22b24bf15826b8c7591c586a60a313e54f1948d9cdf80fS3Bucket1685F95F": {
      "Type": "String",
      "Description": "S3 bucket for asset \"5d88959fad6bed204d22b24bf15826b8c7591c586a60a313e54f1948d9cdf80f\""
    },
    "AssetParameters5d88959fad6bed204d22b24bf15826b8c7591c586a60a313e54f1948d9cdf80fS3VersionKey11815B6C": {
      "Type": "String",
      "Description": "S3 key for asset version \"5d88959fad6bed204d22b24bf15826b8c7591c586a60a313e54f1948d9cdf80f\""
    },
    "AssetParameters5d88959fad6bed204d22b24bf15826b8c7591c586a60a313e54f1948d9cdf80fArtifactHash259515A1": {
      "Type": "String",
      "Description": "Artifact hash for asset \"5d88959fad6bed204d22b24bf15826b8c7591c586a60a313e54f1948d9cdf80f\""
    },
    "AssetParametersb52e342969e05acfb4d852a41c8384d0ce054b2072fc68944e8b07f5012a9a6fS3Bucket992EFD1F": {
      "Type": "String",
      "Description": "S3 bucket for asset \"b52e342969e05acfb4d852a41c8384d0ce054b2072fc68944e8b07f5012a9a6f\""
    },
    "AssetParametersb52e342969e05acfb4d852a41c8384d0ce054b2072fc68944e8b07f5012a9a6fS3VersionKey8252F880": {
      "Type": "String",
      "Description": "S3 key for asset version \"b52e342969e05acfb4d852a41c8384d0ce054b2072fc68944e8b07f5012a9a6f\""
    },
    "AssetParametersb52e342969e05acfb4d852a41c8384d0ce054b2072fc68944e8b07f5012a9a6fArtifactHashC69EDCB8": {
      "Type": "String",
      "Description": "Artifact hash for asset \"b52e342969e05acfb4d852a41c8384d0ce054b2072fc68944e8b07f5012a9a6f\""
    },
    "AssetParameterscf1b33b830764c1ecfd075c085324270fb18cc81abf81d5653abb21b9de5524cS3Bucket26E5A3B0": {
      "Type": "String",
      "Description": "S3 bucket for asset \"cf1b33b830764c1ecfd075c085324270fb18cc81abf81d5653abb21b9de5524c\""
    },
    "AssetParameterscf1b33b830764c1ecfd075c085324270fb18cc81abf81d5653abb21b9de5524cS3VersionKey2FD22A15": {
      "Type": "String",
      "Description": "S3 key for asset version \"cf1b33b830764c1ecfd075c085324270fb18cc81abf81d5653abb21b9de5524c\""
    },
    "AssetParameterscf1b33b830764c1ecfd075c085324270fb18cc81abf81d5653abb21b9de5524cArtifactHash4C84C107": {
      "Type": "String",
      "Description": "Artifact hash for asset \"cf1b33b830764c1ecfd075c085324270fb18cc81abf81d5653abb21b9de5524c\""
    }
  }
}