{
  "Resources": {
    "TableCD117FA1": {
      "Type": "AWS::DynamoDB::Table",
      "Properties": {
        "KeySchema": [
          {
            "AttributeName": "id",
            "KeyType": "HASH"
          }
        ],
        "AttributeDefinitions": [
          {
            "AttributeName": "id",
            "AttributeType": "S"
          },
          {
            "AttributeName": "key",
            "AttributeType": "S"
          }
        ],
        "BillingMode": "PAY_PER_REQUEST",
        "GlobalSecondaryIndexes": [
          {
            "IndexName": "my-index",
            "KeySchema": [
              {
                "AttributeName": "key",
                "KeyType": "HASH"
              }
            ],
            "Projection": {
              "ProjectionType": "ALL"
            }
          }
        ],
        "StreamSpecification": {
          "StreamViewType": "NEW_AND_OLD_IMAGES"
        }
      },
      "UpdateReplacePolicy": "Delete",
      "DeletionPolicy": "Delete"
    },
    "TableSourceTableAttachedManagedPolicycdkdynamodbglobal20191121awscdkawsdynamodbReplicaProviderOnEventHandlerServiceRole6F43DF4A23250B4C": {
      "Type": "AWS::IAM::ManagedPolicy",
      "Properties": {
        "PolicyDocument": {
          "Statement": [
            {
              "Action": "dynamodb:*",
              "Effect": "Allow",
              "Resource": [
                {
                  "Fn::GetAtt": [
                    "TableCD117FA1",
                    "Arn"
                  ]
                },
                {
                  "Fn::Join": [
                    "",
                    [
                      {
                        "Fn::GetAtt": [
                          "TableCD117FA1",
                          "Arn"
                        ]
                      },
                      "/index/*"
                    ]
                  ]
                },
                {
                  "Fn::Join": [
                    "",
                    [
                      "arn:",
                      {
                        "Ref": "AWS::Partition"
                      },
                      ":dynamodb:eu-west-2:",
                      {
                        "Ref": "AWS::AccountId"
                      },
                      ":table/",
                      {
                        "Ref": "TableCD117FA1"
                      }
                    ]
                  ]
                },
                {
                  "Fn::Join": [
                    "",
                    [
                      "arn:",
                      {
                        "Ref": "AWS::Partition"
                      },
                      ":dynamodb:eu-central-1:",
                      {
                        "Ref": "AWS::AccountId"
                      },
                      ":table/",
                      {
                        "Ref": "TableCD117FA1"
                      }
                    ]
                  ]
                }
              ]
            }
          ],
          "Version": "2012-10-17"
        },
        "Description": {
          "Fn::Join": [
            "",
            [
              "DynamoDB replication managed policy for table ",
              {
                "Ref": "TableCD117FA1"
              }
            ]
          ]
        },
        "Path": "/",
        "Roles": [
          {
            "Fn::GetAtt": [
              "awscdkawsdynamodbReplicaProviderNestedStackawscdkawsdynamodbReplicaProviderNestedStackResource18E3F12D",
              "Outputs.cdkdynamodbglobal20191121awscdkawsdynamodbReplicaProviderOnEventHandlerServiceRole3E8625F3Ref"
            ]
          }
        ]
      }
    },
    "TableSourceTableAttachedManagedPolicycdkdynamodbglobal20191121awscdkawsdynamodbReplicaProviderIsCompleteHandlerServiceRole3971612857304880": {
      "Type": "AWS::IAM::ManagedPolicy",
      "Properties": {
        "PolicyDocument": {
          "Statement": [
            {
              "Action": "dynamodb:DescribeTable",
              "Effect": "Allow",
              "Resource": [
                {
                  "Fn::GetAtt": [
                    "TableCD117FA1",
                    "Arn"
                  ]
                },
                {
                  "Fn::Join": [
                    "",
                    [
                      {
                        "Fn::GetAtt": [
                          "TableCD117FA1",
                          "Arn"
                        ]
                      },
                      "/index/*"
                    ]
                  ]
                }
              ]
            }
          ],
          "Version": "2012-10-17"
        },
        "Description": {
          "Fn::Join": [
            "",
            [
              "DynamoDB replication managed policy for table ",
              {
                "Ref": "TableCD117FA1"
              }
            ]
          ]
        },
        "Path": "/",
        "Roles": [
          {
            "Fn::GetAtt": [
              "awscdkawsdynamodbReplicaProviderNestedStackawscdkawsdynamodbReplicaProviderNestedStackResource18E3F12D",
              "Outputs.cdkdynamodbglobal20191121awscdkawsdynamodbReplicaProviderIsCompleteHandlerServiceRole2F936EC4Ref"
            ]
          }
        ]
      }
    },
    "TableReplicaeuwest290D3CD3A": {
      "Type": "Custom::DynamoDBReplica",
      "Properties": {
        "ServiceToken": {
          "Fn::GetAtt": [
            "awscdkawsdynamodbReplicaProviderNestedStackawscdkawsdynamodbReplicaProviderNestedStackResource18E3F12D",
            "Outputs.cdkdynamodbglobal20191121awscdkawsdynamodbReplicaProviderframeworkonEventCFDD0BA0Arn"
          ]
        },
        "TableName": {
          "Ref": "TableCD117FA1"
        },
        "Region": "eu-west-2"
      },
      "DependsOn": [
        "TableSourceTableAttachedManagedPolicycdkdynamodbglobal20191121awscdkawsdynamodbReplicaProviderIsCompleteHandlerServiceRole3971612857304880",
        "TableSourceTableAttachedManagedPolicycdkdynamodbglobal20191121awscdkawsdynamodbReplicaProviderOnEventHandlerServiceRole6F43DF4A23250B4C"
      ],
      "UpdateReplacePolicy": "Delete",
      "DeletionPolicy": "Delete"
    },
    "TableReplicaeucentral100A6A6E0": {
      "Type": "Custom::DynamoDBReplica",
      "Properties": {
        "ServiceToken": {
          "Fn::GetAtt": [
            "awscdkawsdynamodbReplicaProviderNestedStackawscdkawsdynamodbReplicaProviderNestedStackResource18E3F12D",
            "Outputs.cdkdynamodbglobal20191121awscdkawsdynamodbReplicaProviderframeworkonEventCFDD0BA0Arn"
          ]
        },
        "TableName": {
          "Ref": "TableCD117FA1"
        },
        "Region": "eu-central-1"
      },
      "DependsOn": [
        "TableReplicaeuwest290D3CD3A",
        "TableSourceTableAttachedManagedPolicycdkdynamodbglobal20191121awscdkawsdynamodbReplicaProviderIsCompleteHandlerServiceRole3971612857304880",
        "TableSourceTableAttachedManagedPolicycdkdynamodbglobal20191121awscdkawsdynamodbReplicaProviderOnEventHandlerServiceRole6F43DF4A23250B4C"
      ],
      "UpdateReplacePolicy": "Delete",
      "DeletionPolicy": "Delete"
    },
    "awscdkawsdynamodbReplicaProviderNestedStackawscdkawsdynamodbReplicaProviderNestedStackResource18E3F12D": {
      "Type": "AWS::CloudFormation::Stack",
      "Properties": {
        "TemplateURL": {
          "Fn::Join": [
            "",
            [
              "https://s3.eu-west-1.",
              {
                "Ref": "AWS::URLSuffix"
              },
              "/",
              {
                "Ref": "AssetParameters4deeca94de2491b33cc80df38825f1f100f23453beb9286851f9f4db7e7f4e9eS3Bucket9139B3A1"
              },
              "/",
              {
                "Fn::Select": [
                  0,
                  {
                    "Fn::Split": [
                      "||",
                      {
                        "Ref": "AssetParameters4deeca94de2491b33cc80df38825f1f100f23453beb9286851f9f4db7e7f4e9eS3VersionKey50DA6D27"
                      }
                    ]
                  }
                ]
              },
              {
                "Fn::Select": [
                  1,
                  {
                    "Fn::Split": [
                      "||",
                      {
                        "Ref": "AssetParameters4deeca94de2491b33cc80df38825f1f100f23453beb9286851f9f4db7e7f4e9eS3VersionKey50DA6D27"
                      }
                    ]
                  }
                ]
              }
            ]
          ]
        },
        "Parameters": {
          "referencetocdkdynamodbglobal20191121AssetParameters5d88959fad6bed204d22b24bf15826b8c7591c586a60a313e54f1948d9cdf80fS3BucketAE26619BRef": {
            "Ref": "AssetParameters5d88959fad6bed204d22b24bf15826b8c7591c586a60a313e54f1948d9cdf80fS3Bucket1685F95F"
          },
          "referencetocdkdynamodbglobal20191121AssetParameters5d88959fad6bed204d22b24bf15826b8c7591c586a60a313e54f1948d9cdf80fS3VersionKey4B0E314FRef": {
            "Ref": "AssetParameters5d88959fad6bed204d22b24bf15826b8c7591c586a60a313e54f1948d9cdf80fS3VersionKey11815B6C"
          },
          "referencetocdkdynamodbglobal20191121AssetParameters733a1180c316ce99003dfcfd7bd70d8039134b3fbac69643f144aceea90d6b8cS3BucketE0B07F45Ref": {
            "Ref": "AssetParameters733a1180c316ce99003dfcfd7bd70d8039134b3fbac69643f144aceea90d6b8cS3BucketBA45D90E"
          },
          "referencetocdkdynamodbglobal20191121AssetParameters733a1180c316ce99003dfcfd7bd70d8039134b3fbac69643f144aceea90d6b8cS3VersionKey2404C776Ref": {
            "Ref": "AssetParameters733a1180c316ce99003dfcfd7bd70d8039134b3fbac69643f144aceea90d6b8cS3VersionKey1021C50F"
          }
        }
      },
      "UpdateReplacePolicy": "Delete",
      "DeletionPolicy": "Delete"
    }
  },
  "Parameters": {
    "AssetParameters5d88959fad6bed204d22b24bf15826b8c7591c586a60a313e54f1948d9cdf80fS3Bucket1685F95F": {
      "Type": "String",
      "Description": "S3 bucket for asset \"5d88959fad6bed204d22b24bf15826b8c7591c586a60a313e54f1948d9cdf80f\""
    },
    "AssetParameters5d88959fad6bed204d22b24bf15826b8c7591c586a60a313e54f1948d9cdf80fS3VersionKey11815B6C": {
      "Type": "String",
      "Description": "S3 key for asset version \"5d88959fad6bed204d22b24bf15826b8c7591c586a60a313e54f1948d9cdf80f\""
    },
    "AssetParameters5d88959fad6bed204d22b24bf15826b8c7591c586a60a313e54f1948d9cdf80fArtifactHash259515A1": {
      "Type": "String",
      "Description": "Artifact hash for asset \"5d88959fad6bed204d22b24bf15826b8c7591c586a60a313e54f1948d9cdf80f\""
    },
    "AssetParameters733a1180c316ce99003dfcfd7bd70d8039134b3fbac69643f144aceea90d6b8cS3BucketBA45D90E": {
      "Type": "String",
      "Description": "S3 bucket for asset \"733a1180c316ce99003dfcfd7bd70d8039134b3fbac69643f144aceea90d6b8c\""
    },
    "AssetParameters733a1180c316ce99003dfcfd7bd70d8039134b3fbac69643f144aceea90d6b8cS3VersionKey1021C50F": {
      "Type": "String",
      "Description": "S3 key for asset version \"733a1180c316ce99003dfcfd7bd70d8039134b3fbac69643f144aceea90d6b8c\""
    },
    "AssetParameters733a1180c316ce99003dfcfd7bd70d8039134b3fbac69643f144aceea90d6b8cArtifactHash371618FE": {
      "Type": "String",
      "Description": "Artifact hash for asset \"733a1180c316ce99003dfcfd7bd70d8039134b3fbac69643f144aceea90d6b8c\""
    },
    "AssetParameters4deeca94de2491b33cc80df38825f1f100f23453beb9286851f9f4db7e7f4e9eS3Bucket9139B3A1": {
      "Type": "String",
      "Description": "S3 bucket for asset \"4deeca94de2491b33cc80df38825f1f100f23453beb9286851f9f4db7e7f4e9e\""
    },
    "AssetParameters4deeca94de2491b33cc80df38825f1f100f23453beb9286851f9f4db7e7f4e9eS3VersionKey50DA6D27": {
      "Type": "String",
      "Description": "S3 key for asset version \"4deeca94de2491b33cc80df38825f1f100f23453beb9286851f9f4db7e7f4e9e\""
    },
    "AssetParameters4deeca94de2491b33cc80df38825f1f100f23453beb9286851f9f4db7e7f4e9eArtifactHash23BBC056": {
      "Type": "String",
      "Description": "Artifact hash for asset \"4deeca94de2491b33cc80df38825f1f100f23453beb9286851f9f4db7e7f4e9e\""
    }
  }
}