{
  "Resources": {
    "AwsCliLayerF44AAF94": {
      "Type": "AWS::Lambda::LayerVersion",
      "Properties": {
        "Content": {
          "S3Bucket": {
            "Ref": "AssetParameters61f3b82f5fe3b135f58644b9bb25da9af6d46345bbe50c3d935682beae71ef17S3BucketBFAD928B"
          },
          "S3Key": {
            "Fn::Join": [
              "",
              [
                {
                  "Fn::Select": [
                    0,
                    {
                      "Fn::Split": [
                        "||",
                        {
                          "Ref": "AssetParameters61f3b82f5fe3b135f58644b9bb25da9af6d46345bbe50c3d935682beae71ef17S3VersionKeyC5061A22"
                        }
                      ]
                    }
                  ]
                },
                {
                  "Fn::Select": [
                    1,
                    {
                      "Fn::Split": [
                        "||",
                        {
                          "Ref": "AssetParameters61f3b82f5fe3b135f58644b9bb25da9af6d46345bbe50c3d935682beae71ef17S3VersionKeyC5061A22"
                        }
                      ]
                    }
                  ]
                }
              ]
            ]
          }
        },
        "Description": "/opt/awscli/aws"
      }
    },
    "Lambdapython36ServiceRole658256F3": {
      "Type": "AWS::IAM::Role",
      "Properties": {
        "AssumeRolePolicyDocument": {
          "Statement": [
            {
              "Action": "sts:AssumeRole",
              "Effect": "Allow",
              "Principal": {
                "Service": "lambda.amazonaws.com"
              }
            }
          ],
          "Version": "2012-10-17"
        },
        "ManagedPolicyArns": [
          {
            "Fn::Join": [
              "",
              [
                "arn:",
                {
                  "Ref": "AWS::Partition"
                },
                ":iam::aws:policy/service-role/AWSLambdaBasicExecutionRole"
              ]
            ]
          }
        ]
      }
    },
    "Lambdapython36B64E8A5D": {
      "Type": "AWS::Lambda::Function",
      "Properties": {
        "Code": {
          "S3Bucket": {
            "Ref": "AssetParameters5dff6208ccd5fb196bb0354fd6e47faa8431a789e6125d20386586fef761ed48S3Bucket1DD21439"
          },
          "S3Key": {
            "Fn::Join": [
              "",
              [
                {
                  "Fn::Select": [
                    0,
                    {
                      "Fn::Split": [
                        "||",
                        {
                          "Ref": "AssetParameters5dff6208ccd5fb196bb0354fd6e47faa8431a789e6125d20386586fef761ed48S3VersionKey77F71A63"
                        }
                      ]
                    }
                  ]
                },
                {
                  "Fn::Select": [
                    1,
                    {
                      "Fn::Split": [
                        "||",
                        {
                          "Ref": "AssetParameters5dff6208ccd5fb196bb0354fd6e47faa8431a789e6125d20386586fef761ed48S3VersionKey77F71A63"
                        }
                      ]
                    }
                  ]
                }
              ]
            ]
          }
        },
        "Role": {
          "Fn::GetAtt": [
            "Lambdapython36ServiceRole658256F3",
            "Arn"
          ]
        },
        "Handler": "index.handler",
        "Layers": [
          {
            "Ref": "AwsCliLayerF44AAF94"
          }
        ],
        "MemorySize": 512,
        "Runtime": "python3.6",
        "Timeout": 30
      },
      "DependsOn": [
        "Lambdapython36ServiceRole658256F3"
      ]
    },
    "Providerpython36frameworkonEventServiceRole0B176429": {
      "Type": "AWS::IAM::Role",
      "Properties": {
        "AssumeRolePolicyDocument": {
          "Statement": [
            {
              "Action": "sts:AssumeRole",
              "Effect": "Allow",
              "Principal": {
                "Service": "lambda.amazonaws.com"
              }
            }
          ],
          "Version": "2012-10-17"
        },
        "ManagedPolicyArns": [
          {
            "Fn::Join": [
              "",
              [
                "arn:",
                {
                  "Ref": "AWS::Partition"
                },
                ":iam::aws:policy/service-role/AWSLambdaBasicExecutionRole"
              ]
            ]
          }
        ]
      }
    },
    "Providerpython36frameworkonEventServiceRoleDefaultPolicy414F3608": {
      "Type": "AWS::IAM::Policy",
      "Properties": {
        "PolicyDocument": {
          "Statement": [
            {
              "Action": "lambda:InvokeFunction",
              "Effect": "Allow",
              "Resource": {
                "Fn::GetAtt": [
                  "Lambdapython36B64E8A5D",
                  "Arn"
                ]
              }
            }
          ],
          "Version": "2012-10-17"
        },
        "PolicyName": "Providerpython36frameworkonEventServiceRoleDefaultPolicy414F3608",
        "Roles": [
          {
            "Ref": "Providerpython36frameworkonEventServiceRole0B176429"
          }
        ]
      }
    },
    "Providerpython36frameworkonEventA3B6DD44": {
      "Type": "AWS::Lambda::Function",
      "Properties": {
        "Code": {
          "S3Bucket": {
            "Ref": "AssetParametersb52e342969e05acfb4d852a41c8384d0ce054b2072fc68944e8b07f5012a9a6fS3Bucket992EFD1F"
          },
          "S3Key": {
            "Fn::Join": [
              "",
              [
                {
                  "Fn::Select": [
                    0,
                    {
                      "Fn::Split": [
                        "||",
                        {
                          "Ref": "AssetParametersb52e342969e05acfb4d852a41c8384d0ce054b2072fc68944e8b07f5012a9a6fS3VersionKey8252F880"
                        }
                      ]
                    }
                  ]
                },
                {
                  "Fn::Select": [
                    1,
                    {
                      "Fn::Split": [
                        "||",
                        {
                          "Ref": "AssetParametersb52e342969e05acfb4d852a41c8384d0ce054b2072fc68944e8b07f5012a9a6fS3VersionKey8252F880"
                        }
                      ]
                    }
                  ]
                }
              ]
            ]
          }
        },
        "Role": {
          "Fn::GetAtt": [
            "Providerpython36frameworkonEventServiceRole0B176429",
            "Arn"
          ]
        },
        "Description": "AWS CDK resource provider framework - onEvent (lambda-layer-awscli-integ-stack/Providerpython3.6)",
        "Environment": {
          "Variables": {
            "USER_ON_EVENT_FUNCTION_ARN": {
              "Fn::GetAtt": [
                "Lambdapython36B64E8A5D",
                "Arn"
              ]
            }
          }
        },
        "Handler": "framework.onEvent",
        "Runtime": "nodejs12.x",
        "Timeout": 900
      },
      "DependsOn": [
        "Providerpython36frameworkonEventServiceRoleDefaultPolicy414F3608",
        "Providerpython36frameworkonEventServiceRole0B176429"
      ]
    },
    "CustomResourcepython36": {
      "Type": "AWS::CloudFormation::CustomResource",
      "Properties": {
        "ServiceToken": {
          "Fn::GetAtt": [
            "Providerpython36frameworkonEventA3B6DD44",
            "Arn"
          ]
        }
      },
      "UpdateReplacePolicy": "Delete",
      "DeletionPolicy": "Delete"
    },
    "Lambdapython37ServiceRoleB5A704D4": {
      "Type": "AWS::IAM::Role",
      "Properties": {
        "AssumeRolePolicyDocument": {
          "Statement": [
            {
              "Action": "sts:AssumeRole",
              "Effect": "Allow",
              "Principal": {
                "Service": "lambda.amazonaws.com"
              }
            }
          ],
          "Version": "2012-10-17"
        },
        "ManagedPolicyArns": [
          {
            "Fn::Join": [
              "",
              [
                "arn:",
                {
                  "Ref": "AWS::Partition"
                },
                ":iam::aws:policy/service-role/AWSLambdaBasicExecutionRole"
              ]
            ]
          }
        ]
      }
    },
    "Lambdapython3780349E0A": {
      "Type": "AWS::Lambda::Function",
      "Properties": {
        "Code": {
          "S3Bucket": {
            "Ref": "AssetParameters5dff6208ccd5fb196bb0354fd6e47faa8431a789e6125d20386586fef761ed48S3Bucket1DD21439"
          },
          "S3Key": {
            "Fn::Join": [
              "",
              [
                {
                  "Fn::Select": [
                    0,
                    {
                      "Fn::Split": [
                        "||",
                        {
                          "Ref": "AssetParameters5dff6208ccd5fb196bb0354fd6e47faa8431a789e6125d20386586fef761ed48S3VersionKey77F71A63"
                        }
                      ]
                    }
                  ]
                },
                {
                  "Fn::Select": [
                    1,
                    {
                      "Fn::Split": [
                        "||",
                        {
                          "Ref": "AssetParameters5dff6208ccd5fb196bb0354fd6e47faa8431a789e6125d20386586fef761ed48S3VersionKey77F71A63"
                        }
                      ]
                    }
                  ]
                }
              ]
            ]
          }
        },
        "Role": {
          "Fn::GetAtt": [
            "Lambdapython37ServiceRoleB5A704D4",
            "Arn"
          ]
        },
        "Handler": "index.handler",
        "Layers": [
          {
            "Ref": "AwsCliLayerF44AAF94"
          }
        ],
        "MemorySize": 512,
        "Runtime": "python3.7",
        "Timeout": 30
      },
      "DependsOn": [
        "Lambdapython37ServiceRoleB5A704D4"
      ]
    },
    "Providerpython37frameworkonEventServiceRole9EA6B2B0": {
      "Type": "AWS::IAM::Role",
      "Properties": {
        "AssumeRolePolicyDocument": {
          "Statement": [
            {
              "Action": "sts:AssumeRole",
              "Effect": "Allow",
              "Principal": {
                "Service": "lambda.amazonaws.com"
              }
            }
          ],
          "Version": "2012-10-17"
        },
        "ManagedPolicyArns": [
          {
            "Fn::Join": [
              "",
              [
                "arn:",
                {
                  "Ref": "AWS::Partition"
                },
                ":iam::aws:policy/service-role/AWSLambdaBasicExecutionRole"
              ]
            ]
          }
        ]
      }
    },
    "Providerpython37frameworkonEventServiceRoleDefaultPolicyA9099DC2": {
      "Type": "AWS::IAM::Policy",
      "Properties": {
        "PolicyDocument": {
          "Statement": [
            {
              "Action": "lambda:InvokeFunction",
              "Effect": "Allow",
              "Resource": {
                "Fn::GetAtt": [
                  "Lambdapython3780349E0A",
                  "Arn"
                ]
              }
            }
          ],
          "Version": "2012-10-17"
        },
        "PolicyName": "Providerpython37frameworkonEventServiceRoleDefaultPolicyA9099DC2",
        "Roles": [
          {
            "Ref": "Providerpython37frameworkonEventServiceRole9EA6B2B0"
          }
        ]
      }
    },
    "Providerpython37frameworkonEvent3AA4F69E": {
      "Type": "AWS::Lambda::Function",
      "Properties": {
        "Code": {
          "S3Bucket": {
            "Ref": "AssetParametersb52e342969e05acfb4d852a41c8384d0ce054b2072fc68944e8b07f5012a9a6fS3Bucket992EFD1F"
          },
          "S3Key": {
            "Fn::Join": [
              "",
              [
                {
                  "Fn::Select": [
                    0,
                    {
                      "Fn::Split": [
                        "||",
                        {
                          "Ref": "AssetParametersb52e342969e05acfb4d852a41c8384d0ce054b2072fc68944e8b07f5012a9a6fS3VersionKey8252F880"
                        }
                      ]
                    }
                  ]
                },
                {
                  "Fn::Select": [
                    1,
                    {
                      "Fn::Split": [
                        "||",
                        {
                          "Ref": "AssetParametersb52e342969e05acfb4d852a41c8384d0ce054b2072fc68944e8b07f5012a9a6fS3VersionKey8252F880"
                        }
                      ]
                    }
                  ]
                }
              ]
            ]
          }
        },
        "Role": {
          "Fn::GetAtt": [
            "Providerpython37frameworkonEventServiceRole9EA6B2B0",
            "Arn"
          ]
        },
        "Description": "AWS CDK resource provider framework - onEvent (lambda-layer-awscli-integ-stack/Providerpython3.7)",
        "Environment": {
          "Variables": {
            "USER_ON_EVENT_FUNCTION_ARN": {
              "Fn::GetAtt": [
                "Lambdapython3780349E0A",
                "Arn"
              ]
            }
          }
        },
        "Handler": "framework.onEvent",
        "Runtime": "nodejs12.x",
        "Timeout": 900
      },
      "DependsOn": [
        "Providerpython37frameworkonEventServiceRoleDefaultPolicyA9099DC2",
        "Providerpython37frameworkonEventServiceRole9EA6B2B0"
      ]
    },
    "CustomResourcepython37": {
      "Type": "AWS::CloudFormation::CustomResource",
      "Properties": {
        "ServiceToken": {
          "Fn::GetAtt": [
            "Providerpython37frameworkonEvent3AA4F69E",
            "Arn"
          ]
        }
      },
      "UpdateReplacePolicy": "Delete",
      "DeletionPolicy": "Delete"
    },
    "Lambdapython39ServiceRoleE2CFED77": {
      "Type": "AWS::IAM::Role",
      "Properties": {
        "AssumeRolePolicyDocument": {
          "Statement": [
            {
              "Action": "sts:AssumeRole",
              "Effect": "Allow",
              "Principal": {
                "Service": "lambda.amazonaws.com"
              }
            }
          ],
          "Version": "2012-10-17"
        },
        "ManagedPolicyArns": [
          {
            "Fn::Join": [
              "",
              [
                "arn:",
                {
                  "Ref": "AWS::Partition"
                },
                ":iam::aws:policy/service-role/AWSLambdaBasicExecutionRole"
              ]
            ]
          }
        ]
      }
    },
    "Lambdapython39426A0480": {
      "Type": "AWS::Lambda::Function",
      "Properties": {
        "Code": {
          "S3Bucket": {
            "Ref": "AssetParameters5dff6208ccd5fb196bb0354fd6e47faa8431a789e6125d20386586fef761ed48S3Bucket1DD21439"
          },
          "S3Key": {
            "Fn::Join": [
              "",
              [
                {
                  "Fn::Select": [
                    0,
                    {
                      "Fn::Split": [
                        "||",
                        {
                          "Ref": "AssetParameters5dff6208ccd5fb196bb0354fd6e47faa8431a789e6125d20386586fef761ed48S3VersionKey77F71A63"
                        }
                      ]
                    }
                  ]
                },
                {
                  "Fn::Select": [
                    1,
                    {
                      "Fn::Split": [
                        "||",
                        {
                          "Ref": "AssetParameters5dff6208ccd5fb196bb0354fd6e47faa8431a789e6125d20386586fef761ed48S3VersionKey77F71A63"
                        }
                      ]
                    }
                  ]
                }
              ]
            ]
          }
        },
        "Role": {
          "Fn::GetAtt": [
            "Lambdapython39ServiceRoleE2CFED77",
            "Arn"
          ]
        },
        "Handler": "index.handler",
        "Layers": [
          {
            "Ref": "AwsCliLayerF44AAF94"
          }
        ],
        "MemorySize": 512,
        "Runtime": "python3.9",
        "Timeout": 30
      },
      "DependsOn": [
        "Lambdapython39ServiceRoleE2CFED77"
      ]
    },
    "Providerpython39frameworkonEventServiceRoleA299F5C1": {
      "Type": "AWS::IAM::Role",
      "Properties": {
        "AssumeRolePolicyDocument": {
          "Statement": [
            {
              "Action": "sts:AssumeRole",
              "Effect": "Allow",
              "Principal": {
                "Service": "lambda.amazonaws.com"
              }
            }
          ],
          "Version": "2012-10-17"
        },
        "ManagedPolicyArns": [
          {
            "Fn::Join": [
              "",
              [
                "arn:",
                {
                  "Ref": "AWS::Partition"
                },
                ":iam::aws:policy/service-role/AWSLambdaBasicExecutionRole"
              ]
            ]
          }
        ]
      }
    },
    "Providerpython39frameworkonEventServiceRoleDefaultPolicy16A4767C": {
      "Type": "AWS::IAM::Policy",
      "Properties": {
        "PolicyDocument": {
          "Statement": [
            {
              "Action": "lambda:InvokeFunction",
              "Effect": "Allow",
              "Resource": {
                "Fn::GetAtt": [
                  "Lambdapython39426A0480",
                  "Arn"
                ]
              }
            }
          ],
          "Version": "2012-10-17"
        },
        "PolicyName": "Providerpython39frameworkonEventServiceRoleDefaultPolicy16A4767C",
        "Roles": [
          {
            "Ref": "Providerpython39frameworkonEventServiceRoleA299F5C1"
          }
        ]
      }
    },
    "Providerpython39frameworkonEvent00AFA742": {
      "Type": "AWS::Lambda::Function",
      "Properties": {
        "Code": {
          "S3Bucket": {
            "Ref": "AssetParametersb52e342969e05acfb4d852a41c8384d0ce054b2072fc68944e8b07f5012a9a6fS3Bucket992EFD1F"
          },
          "S3Key": {
            "Fn::Join": [
              "",
              [
                {
                  "Fn::Select": [
                    0,
                    {
                      "Fn::Split": [
                        "||",
                        {
                          "Ref": "AssetParametersb52e342969e05acfb4d852a41c8384d0ce054b2072fc68944e8b07f5012a9a6fS3VersionKey8252F880"
                        }
                      ]
                    }
                  ]
                },
                {
                  "Fn::Select": [
                    1,
                    {
                      "Fn::Split": [
                        "||",
                        {
                          "Ref": "AssetParametersb52e342969e05acfb4d852a41c8384d0ce054b2072fc68944e8b07f5012a9a6fS3VersionKey8252F880"
                        }
                      ]
                    }
                  ]
                }
              ]
            ]
          }
        },
        "Role": {
          "Fn::GetAtt": [
            "Providerpython39frameworkonEventServiceRoleA299F5C1",
            "Arn"
          ]
        },
        "Description": "AWS CDK resource provider framework - onEvent (lambda-layer-awscli-integ-stack/Providerpython3.9)",
        "Environment": {
          "Variables": {
            "USER_ON_EVENT_FUNCTION_ARN": {
              "Fn::GetAtt": [
                "Lambdapython39426A0480",
                "Arn"
              ]
            }
          }
        },
        "Handler": "framework.onEvent",
        "Runtime": "nodejs12.x",
        "Timeout": 900
      },
      "DependsOn": [
        "Providerpython39frameworkonEventServiceRoleDefaultPolicy16A4767C",
        "Providerpython39frameworkonEventServiceRoleA299F5C1"
      ]
    },
    "CustomResourcepython39": {
      "Type": "AWS::CloudFormation::CustomResource",
      "Properties": {
        "ServiceToken": {
          "Fn::GetAtt": [
            "Providerpython39frameworkonEvent00AFA742",
            "Arn"
          ]
        }
      },
      "UpdateReplacePolicy": "Delete",
      "DeletionPolicy": "Delete"
    }
  },
  "Parameters": {
    "AssetParameters61f3b82f5fe3b135f58644b9bb25da9af6d46345bbe50c3d935682beae71ef17S3BucketBFAD928B": {
      "Type": "String",
      "Description": "S3 bucket for asset \"61f3b82f5fe3b135f58644b9bb25da9af6d46345bbe50c3d935682beae71ef17\""
    },
    "AssetParameters61f3b82f5fe3b135f58644b9bb25da9af6d46345bbe50c3d935682beae71ef17S3VersionKeyC5061A22": {
      "Type": "String",
      "Description": "S3 key for asset version \"61f3b82f5fe3b135f58644b9bb25da9af6d46345bbe50c3d935682beae71ef17\""
    },
    "AssetParameters61f3b82f5fe3b135f58644b9bb25da9af6d46345bbe50c3d935682beae71ef17ArtifactHashBCF7AEEE": {
      "Type": "String",
      "Description": "Artifact hash for asset \"61f3b82f5fe3b135f58644b9bb25da9af6d46345bbe50c3d935682beae71ef17\""
    },
    "AssetParameters5dff6208ccd5fb196bb0354fd6e47faa8431a789e6125d20386586fef761ed48S3Bucket1DD21439": {
      "Type": "String",
      "Description": "S3 bucket for asset \"5dff6208ccd5fb196bb0354fd6e47faa8431a789e6125d20386586fef761ed48\""
    },
    "AssetParameters5dff6208ccd5fb196bb0354fd6e47faa8431a789e6125d20386586fef761ed48S3VersionKey77F71A63": {
      "Type": "String",
      "Description": "S3 key for asset version \"5dff6208ccd5fb196bb0354fd6e47faa8431a789e6125d20386586fef761ed48\""
    },
    "AssetParameters5dff6208ccd5fb196bb0354fd6e47faa8431a789e6125d20386586fef761ed48ArtifactHashA6792482": {
      "Type": "String",
      "Description": "Artifact hash for asset \"5dff6208ccd5fb196bb0354fd6e47faa8431a789e6125d20386586fef761ed48\""
    },
    "AssetParametersb52e342969e05acfb4d852a41c8384d0ce054b2072fc68944e8b07f5012a9a6fS3Bucket992EFD1F": {
      "Type": "String",
      "Description": "S3 bucket for asset \"b52e342969e05acfb4d852a41c8384d0ce054b2072fc68944e8b07f5012a9a6f\""
    },
    "AssetParametersb52e342969e05acfb4d852a41c8384d0ce054b2072fc68944e8b07f5012a9a6fS3VersionKey8252F880": {
      "Type": "String",
      "Description": "S3 key for asset version \"b52e342969e05acfb4d852a41c8384d0ce054b2072fc68944e8b07f5012a9a6f\""
    },
    "AssetParametersb52e342969e05acfb4d852a41c8384d0ce054b2072fc68944e8b07f5012a9a6fArtifactHashC69EDCB8": {
      "Type": "String",
      "Description": "Artifact hash for asset \"b52e342969e05acfb4d852a41c8384d0ce054b2072fc68944e8b07f5012a9a6f\""
    }
  }
}